###################
#05. n-gram
#
#与えられたシーケンス（文字列やリストなど）からn-gramを作る関数を作成せよ．
#この関数を用い，"I am an NLPer"という文から単語bi-gram，文字bi-gramを得よ．
###################

#!/bin/bash -vux

Str="I am an NLPer"

echo $Str |
sed "s/ /\n/g" |

while read line
  do
    echo $line |
    grep -o "." |
    sed -n 'N;p;D;' | 
    paste - - -d '' 
    done |

    sort |
    uniq -c |
    sort -k 1 -n

