#############################
#14. 先頭からN行を出力
#
#自然数Nをコマンドライン引数などの手段で受け取り，
#入力のうち先頭のN行だけを表示せよ．確認にはheadコマンドを用いよ．
#############################

#!/bin/bash -vux

echo awk#################
awk -v i=$2 '!(NR > i)' $1

echo head################
head -$2 $1

echo Result##############
diff <(awk -v i=$2 '!(NR > i)' $1) <(head -$2 $1)

if [ $? = 0 ];then
  echo OK!
  else
    echo NG... 
    fi

